BL51 BANKED LINKER/LOCATER V6.22                                                        07/09/2024  20:53:45  PAGE 1


BL51 BANKED LINKER/LOCATER V6.22, INVOKED BY:
C:\KEIL_V5\C51\BIN\BL51.EXE main.obj, LCD1602.obj TO test RAMSIZE (256)


MEMORY MODEL: SMALL


INPUT MODULES INCLUDED:
  main.obj (MAIN)
  LCD1602.obj (LCD1602)
  C:\KEIL_V5\C51\LIB\C51S.LIB (?C_STARTUP)
  C:\KEIL_V5\C51\LIB\C51S.LIB (?C?CLDOPTR)
  C:\KEIL_V5\C51\LIB\C51S.LIB (?C?IMUL)
  C:\KEIL_V5\C51\LIB\C51S.LIB (?C?UIDIV)


LINK MAP OF MODULE:  test (MAIN)


            TYPE    BASE      LENGTH    RELOCATION   SEGMENT NAME
            -----------------------------------------------------

            * * * * * * *   D A T A   M E M O R Y   * * * * * * *
            REG     0000H     0008H     ABSOLUTE     "REG BANK 0"
            DATA    0008H     0007H     UNIT         ?DT?_LCD_SHOWSIGNEDNUM?LCD1602
            DATA    000FH     0005H     UNIT         ?DT?_LCD_SHOWNUM?LCD1602
            DATA    0014H     0005H     UNIT         ?DT?_LCD_SHOWHEXNUM?LCD1602
            DATA    0019H     0005H     UNIT         ?DT?_LCD_SHOWBINNUM?LCD1602
            DATA    001EH     0004H     UNIT         ?DT?_LCD_POW?LCD1602
            DATA    0022H     0003H     UNIT         _DATA_GROUP_
            IDATA   0025H     0001H     UNIT         ?STACK

            * * * * * * *   C O D E   M E M O R Y   * * * * * * *
            CODE    0000H     0003H     ABSOLUTE     
            CODE    0003H     0094H     UNIT         ?C?LIB_CODE
            CODE    0097H     003AH     UNIT         ?PR?_LCD_SHOWSIGNEDNUM?LCD1602
            CODE    00D1H     0039H     UNIT         ?PR?_LCD_SHOWHEXNUM?LCD1602
            CODE    010AH     0038H     UNIT         ?PR?_LCD_SHOWBINNUM?LCD1602
            CODE    0142H     0033H     UNIT         ?PR?_LCD_POW?LCD1602
            CODE    0175H     0023H     UNIT         ?PR?_LCD_SHOWSTRING?LCD1602
            CODE    0198H     001EH     UNIT         ?PR?_LCD_WRITEDATA?LCD1602
            CODE    01B6H     001DH     UNIT         ?PR?_LCD_SHOWNUM?LCD1602
            CODE    01D3H     001BH     UNIT         ?PR?MAIN?MAIN
            CODE    01EEH     0016H     UNIT         ?PR?_LCD_SETCURSOR?LCD1602
            CODE    0204H     0014H     UNIT         ?PR?LCD_INIT?LCD1602
            CODE    0218H     000FH     UNIT         ?PR?LCD_DELAY?LCD1602
            CODE    0227H     000CH     UNIT         ?C_C51STARTUP
            CODE    0233H     000AH     UNIT         ?PR?_LCD_WRITECOMMAND?LCD1602
            CODE    023DH     000AH     UNIT         ?PR?_LCD_SHOWCHAR?LCD1602
            CODE    0247H     0006H     UNIT         ?CO?MAIN



OVERLAY MAP OF MODULE:   test (MAIN)


SEGMENT                                  DATA_GROUP 
  +--> CALLED SEGMENT                  START    LENGTH
BL51 BANKED LINKER/LOCATER V6.22                                                      07/09/2024  20:53:45  PAGE 2


------------------------------------------------------
?C_C51STARTUP                          -----    -----
  +--> ?PR?MAIN?MAIN

?PR?MAIN?MAIN                          -----    -----
  +--> ?PR?LCD_INIT?LCD1602
  +--> ?PR?_LCD_SHOWCHAR?LCD1602
  +--> ?CO?MAIN
  +--> ?PR?_LCD_SHOWSTRING?LCD1602

?PR?LCD_INIT?LCD1602                   -----    -----
  +--> ?PR?_LCD_WRITECOMMAND?LCD1602

?PR?_LCD_WRITECOMMAND?LCD1602          -----    -----
  +--> ?PR?LCD_DELAY?LCD1602

?PR?_LCD_SHOWCHAR?LCD1602              -----    -----
  +--> ?PR?_LCD_SETCURSOR?LCD1602
  +--> ?PR?_LCD_WRITEDATA?LCD1602

?PR?_LCD_SETCURSOR?LCD1602             -----    -----
  +--> ?PR?_LCD_WRITECOMMAND?LCD1602

?PR?_LCD_WRITEDATA?LCD1602             -----    -----
  +--> ?PR?LCD_DELAY?LCD1602

?PR?_LCD_SHOWSTRING?LCD1602            0022H    0003H
  +--> ?PR?_LCD_SETCURSOR?LCD1602
  +--> ?PR?_LCD_WRITEDATA?LCD1602



SYMBOL TABLE OF MODULE:  test (MAIN)

  VALUE           TYPE          NAME
  ----------------------------------

  -------         MODULE        MAIN
  C:0000H         SYMBOL        _ICE_DUMMY_
  C:01D3H         PUBLIC        main
  -------         PROC          MAIN
  C:01D3H         LINE#         3
  C:01D3H         LINE#         4
  C:01D3H         LINE#         5
  C:01D6H         LINE#         6
  C:01DFH         LINE#         7
  C:01ECH         LINE#         8
  C:01ECH         LINE#         9
  C:01ECH         LINE#         10
  -------         ENDPROC       MAIN
  -------         ENDMOD        MAIN

  -------         MODULE        LCD1602
  C:0000H         SYMBOL        _ICE_DUMMY_
  D:0080H         PUBLIC        P0
  D:00A0H         PUBLIC        P2
  C:0233H         PUBLIC        _LCD_WriteCommand
BL51 BANKED LINKER/LOCATER V6.22                                                      07/09/2024  20:53:45  PAGE 3


  C:01B6H         PUBLIC        _LCD_ShowNum
  C:010AH         PUBLIC        _LCD_ShowBinNum
  C:021EH         PUBLIC        LCD_Delay
  C:00D1H         PUBLIC        _LCD_ShowHexNum
  C:01ACH         PUBLIC        _LCD_WriteData
  B:00A0H.7       PUBLIC        LCD_EN
  C:0204H         PUBLIC        LCD_Init
  C:0175H         PUBLIC        _LCD_ShowString
  C:023DH         PUBLIC        _LCD_ShowChar
  B:00A0H.6       PUBLIC        LCD_RS
  B:00A0H.5       PUBLIC        LCD_RW
  C:01EEH         PUBLIC        _LCD_SetCursor
  C:0097H         PUBLIC        _LCD_ShowSignedNum
  C:014EH         PUBLIC        _LCD_Pow
  -------         PROC          L?0048
  -------         ENDPROC       L?0048
  -------         PROC          LCD_DELAY
  -------         DO            
  D:0007H         SYMBOL        i
  D:0006H         SYMBOL        j
  -------         ENDDO         
  C:021EH         LINE#         10
  C:021EH         LINE#         11
  C:021EH         LINE#         14
  C:0220H         LINE#         15
  C:0222H         LINE#         17
  C:0222H         LINE#         18
  C:0224H         LINE#         19
  C:0226H         LINE#         20
  -------         ENDPROC       LCD_DELAY
  -------         PROC          _LCD_WRITECOMMAND
  D:0007H         SYMBOL        Command
  C:0233H         LINE#         23
  C:0233H         LINE#         24
  C:0233H         LINE#         25
  C:0235H         LINE#         26
  C:0235H         LINE#         27
  C:0235H         LINE#         28
  C:0235H         LINE#         29
  C:0238H         LINE#         30
  C:023AH         LINE#         31
  -------         ENDPROC       _LCD_WRITECOMMAND
  -------         PROC          L?0047
  -------         ENDPROC       L?0047
  -------         PROC          _LCD_WRITEDATA
  D:0007H         SYMBOL        Data
  C:01ACH         LINE#         35
  C:01ACH         LINE#         36
  C:01ACH         LINE#         37
  C:01AEH         LINE#         38
  C:01AEH         LINE#         39
  C:01AEH         LINE#         40
  C:01AEH         LINE#         41
  C:01B1H         LINE#         42
  C:01B3H         LINE#         43
  -------         ENDPROC       _LCD_WRITEDATA
  -------         PROC          _LCD_SETCURSOR
BL51 BANKED LINKER/LOCATER V6.22                                                      07/09/2024  20:53:45  PAGE 4


  D:0006H         SYMBOL        Line
  D:0005H         SYMBOL        Column
  C:01EEH         LINE#         52
  C:01F0H         LINE#         53
  C:01F0H         LINE#         54
  C:01F3H         LINE#         55
  C:01F3H         LINE#         56
  C:01F5H         LINE#         57
  C:01F7H         LINE#         58
  C:01FAH         LINE#         59
  C:01FAH         LINE#         60
  C:0203H         LINE#         61
  C:0203H         LINE#         62
  -------         ENDPROC       _LCD_SETCURSOR
  -------         PROC          LCD_INIT
  C:0204H         LINE#         65
  C:0204H         LINE#         66
  C:0204H         LINE#         67
  C:0209H         LINE#         68
  C:020EH         LINE#         69
  C:0213H         LINE#         70
  -------         ENDPROC       LCD_INIT
  -------         PROC          _LCD_SHOWCHAR
  D:0006H         SYMBOL        Line
  D:0005H         SYMBOL        Column
  D:0004H         SYMBOL        Char
  C:023DH         LINE#         80
  C:023FH         LINE#         81
  C:023FH         LINE#         82
  C:0242H         LINE#         83
  -------         ENDPROC       _LCD_SHOWCHAR
  -------         PROC          _LCD_SHOWSTRING
  D:0007H         SYMBOL        Line
  D:0005H         SYMBOL        Column
  D:0022H         SYMBOL        String
  -------         DO            
  D:0005H         SYMBOL        i
  -------         ENDDO         
  C:0175H         LINE#         93
  C:017BH         LINE#         94
  C:017BH         LINE#         96
  C:017EH         LINE#         97
  C:0191H         LINE#         98
  C:0191H         LINE#         99
  C:0194H         LINE#         100
  C:0197H         LINE#         101
  -------         ENDPROC       _LCD_SHOWSTRING
  C:0144H         SYMBOL        L?0046
  -------         PROC          L?0045
  -------         ENDPROC       L?0045
  C:0144H         SYMBOL        L?0046
  -------         PROC          _LCD_POW
  D:001EH         SYMBOL        X
  D:0020H         SYMBOL        Y
  -------         DO            
  D:0003H         SYMBOL        i
  D:0006H         SYMBOL        Result
BL51 BANKED LINKER/LOCATER V6.22                                                      07/09/2024  20:53:45  PAGE 5


  -------         ENDDO         
  C:014EH         LINE#         106
  C:0156H         LINE#         107
  C:0156H         LINE#         109
  C:015AH         LINE#         110
  C:016AH         LINE#         111
  C:016AH         LINE#         112
  C:0171H         LINE#         113
  C:0174H         LINE#         114
  C:0174H         LINE#         115
  -------         ENDPROC       _LCD_POW
  -------         PROC          _LCD_SHOWNUM
  D:0007H         SYMBOL        Line
  D:0005H         SYMBOL        Column
  D:0011H         SYMBOL        Number
  D:0013H         SYMBOL        Length
  -------         DO            
  D:0002H         SYMBOL        i
  -------         ENDDO         
  C:01B6H         LINE#         125
  C:01BAH         LINE#         126
  C:01BAH         LINE#         128
  C:01BDH         LINE#         129
  C:01C5H         LINE#         130
  C:01C5H         LINE#         131
  C:01CFH         LINE#         132
  C:01D2H         LINE#         133
  -------         ENDPROC       _LCD_SHOWNUM
  -------         PROC          _LCD_SHOWSIGNEDNUM
  D:0007H         SYMBOL        Line
  D:0005H         SYMBOL        Column
  D:0002H         SYMBOL        Number
  D:000CH         SYMBOL        Length
  -------         DO            
  D:0002H         SYMBOL        i
  D:000DH         SYMBOL        Number1
  -------         ENDDO         
  C:0097H         LINE#         143
  C:0097H         LINE#         144
  C:0097H         LINE#         147
  C:009AH         LINE#         148
  C:00A2H         LINE#         149
  C:00A2H         LINE#         150
  C:00A7H         LINE#         151
  C:00ABH         LINE#         152
  C:00ADH         LINE#         154
  C:00ADH         LINE#         155
  C:00B2H         LINE#         156
  C:00BBH         LINE#         157
  C:00BBH         LINE#         158
  C:00C3H         LINE#         159
  C:00C3H         LINE#         160
  C:00CDH         LINE#         161
  C:00D0H         LINE#         162
  -------         ENDPROC       _LCD_SHOWSIGNEDNUM
  -------         PROC          _LCD_SHOWHEXNUM
  D:0007H         SYMBOL        Line
BL51 BANKED LINKER/LOCATER V6.22                                                      07/09/2024  20:53:45  PAGE 6


  D:0005H         SYMBOL        Column
  D:0016H         SYMBOL        Number
  D:0018H         SYMBOL        Length
  -------         DO            
  D:0002H         SYMBOL        i
  D:0006H         SYMBOL        SingleNumber
  -------         ENDDO         
  C:00D1H         LINE#         172
  C:00D5H         LINE#         173
  C:00D5H         LINE#         175
  C:00D8H         LINE#         176
  C:00E0H         LINE#         177
  C:00E0H         LINE#         178
  C:00F6H         LINE#         179
  C:00FCH         LINE#         180
  C:00FCH         LINE#         181
  C:00FEH         LINE#         182
  C:0100H         LINE#         184
  C:0100H         LINE#         185
  C:0106H         LINE#         186
  C:0106H         LINE#         187
  C:0109H         LINE#         188
  -------         ENDPROC       _LCD_SHOWHEXNUM
  -------         PROC          _LCD_SHOWBINNUM
  D:0007H         SYMBOL        Line
  D:0005H         SYMBOL        Column
  D:001BH         SYMBOL        Number
  D:001DH         SYMBOL        Length
  -------         DO            
  D:0002H         SYMBOL        i
  -------         ENDDO         
  C:010AH         LINE#         198
  C:010EH         LINE#         199
  C:010EH         LINE#         201
  C:0111H         LINE#         202
  C:0119H         LINE#         203
  C:0119H         LINE#         204
  C:013EH         LINE#         205
  C:0141H         LINE#         206
  -------         ENDPROC       _LCD_SHOWBINNUM
  -------         ENDMOD        LCD1602

  -------         MODULE        ?C?CLDOPTR
  C:0003H         PUBLIC        ?C?CLDOPTR
  -------         ENDMOD        ?C?CLDOPTR

  -------         MODULE        ?C?IMUL
  C:0030H         PUBLIC        ?C?IMUL
  -------         ENDMOD        ?C?IMUL

  -------         MODULE        ?C?UIDIV
  C:0042H         PUBLIC        ?C?UIDIV
  -------         ENDMOD        ?C?UIDIV

*** WARNING L16: UNCALLED SEGMENT, IGNORED FOR OVERLAY PROCESS
    SEGMENT: ?PR?_LCD_SHOWNUM?LCD1602

BL51 BANKED LINKER/LOCATER V6.22                                                      07/09/2024  20:53:45  PAGE 7


*** WARNING L16: UNCALLED SEGMENT, IGNORED FOR OVERLAY PROCESS
    SEGMENT: ?PR?_LCD_SHOWSIGNEDNUM?LCD1602

*** WARNING L16: UNCALLED SEGMENT, IGNORED FOR OVERLAY PROCESS
    SEGMENT: ?PR?_LCD_SHOWHEXNUM?LCD1602

*** WARNING L16: UNCALLED SEGMENT, IGNORED FOR OVERLAY PROCESS
    SEGMENT: ?PR?_LCD_SHOWBINNUM?LCD1602

Program Size: data=38.0 xdata=0 code=589
LINK/LOCATE RUN COMPLETE.  4 WARNING(S),  0 ERROR(S)
